// 重构日志: 5e4dbc50
// 同步 ID: ea1bd8e4 @ Thu Jul  9 11:25:53 UTC 2026
// 重构日志: 1b09b244
// 同步 ID: c2bece3e @ Fri Jul 10 19:00:07 UTC 2026
// 重构日志: edc697f0
// 重构日志: ac82e7f9
// 重构日志: 5080a6fe
// 同步 ID: b696d42d @ Wed Jul 15 08:28:08 UTC 2026
// 重构日志: 633f7307
// 重构日志: c112737b
// 重构日志: c5b91e97
// 重构日志: dbabdcab
// 重构日志: a6a4ca73
// 重构日志: 44937ce5
// 同步 ID: a1b30eba @ Mon Jul 20 11:57:39 UTC 2026
// 重构日志: 332f3198
// 同步 ID: 9e8ff170 @ Wed Jul 29 08:44:53 UTC 2026
// 重构日志: 8e079951
// 同步 ID: 219dce2f @ Fri Jul 31 15:59:08 UTC 2026
// 重构日志: c06660a9
// 重构日志: b40f91b8
// 重构日志: bcb9210c
// 重构日志: adf2c480
// 重构日志: 8c0b1c84
// 重构日志: 7f26535c
// 同步 ID: 59a6c8b6 @ Fri Aug  7 10:32:08 UTC 2026
// 重构日志: 7cc219ca
// 重构日志: c1ac84de
// 同步 ID: 1d0bfd30 @ Sat Aug  8 05:56:30 UTC 2026
